<html>
<body>
<pre>
<h1>µVision Build Log</h1>
<h2>Tool Versions:</h2>
IDE-Version: µVision V5.28.0.0
Copyright (C) 2019 ARM Ltd and ARM Germany GmbH. All rights reserved.
License Information: tian Administrator, school, LIC=KIVDY-IKRXN-SEIH0-BXWRX-KQD6Y-K00VX
 
Tool Versions:
Toolchain:       MDK-ARM Professional  Version: 5.28.0.0
Toolchain Path:  D:\Keil_v5\ARM\ARMCC\Bin
C Compiler:      Armcc.exe V5.06 update 6 (build 750)
Assembler:       Armasm.exe V5.06 update 6 (build 750)
Linker/Locator:  ArmLink.exe V5.06 update 6 (build 750)
Library Manager: ArmAr.exe V5.06 update 6 (build 750)
Hex Converter:   FromElf.exe V5.06 update 6 (build 750)
CPU DLL:         SARMCM3.DLL V5.28.0.0
Dialog DLL:      DCM.DLL V1.17.3.0
Target DLL:      Segger\JL2CM3.dll V2.99.36.0
Dialog DLL:      TCM.DLL V1.36.2.0
 
<h2>Project:</h2>
E:\game\STM32MPU6050\Project\RVMDK£¨uv5£©\BH-F429.uvprojx
Project File Date:  01/07/2020

<h2>Output:</h2>
*** Using Compiler 'V5.06 update 6 (build 750)', folder: 'D:\Keil_v5\ARM\ARMCC\Bin'
Rebuild target 'MPU6050'
assembling startup_stm32f429_439xx.s...
compiling misc.c...
compiling system_stm32f4xx.c...
compiling stm32f4xx_adc.c...
compiling stm32f4xx_crc.c...
compiling stm32f4xx_cryp.c...
compiling stm32f4xx_can.c...
compiling stm32f4xx_cryp_tdes.c...
compiling stm32f4xx_cryp_des.c...
compiling stm32f4xx_cryp_aes.c...
compiling stm32f4xx_dcmi.c...
compiling stm32f4xx_dbgmcu.c...
compiling stm32f4xx_dac.c...
compiling stm32f4xx_exti.c...
compiling stm32f4xx_dma2d.c...
compiling stm32f4xx_dma.c...
compiling stm32f4xx_gpio.c...
compiling stm32f4xx_flash.c...
compiling stm32f4xx_fmc.c...
compiling stm32f4xx_hash_md5.c...
compiling stm32f4xx_hash.c...
compiling stm32f4xx_hash_sha1.c...
compiling stm32f4xx_iwdg.c...
compiling stm32f4xx_i2c.c...
compiling stm32f4xx_ltdc.c...
compiling stm32f4xx_rng.c...
compiling stm32f4xx_pwr.c...
compiling stm32f4xx_rcc.c...
compiling stm32f4xx_sai.c...
compiling stm32f4xx_sdio.c...
compiling stm32f4xx_rtc.c...
compiling stm32f4xx_syscfg.c...
compiling stm32f4xx_spi.c...
compiling stm32f4xx_tim.c...
compiling stm32f4xx_usart.c...
compiling stm32f4xx_wwdg.c...
compiling main.c...
..\..\User\main.c(151): warning:  #177-D: function "read_from_mpl"  was declared but never referenced
  static void read_from_mpl(void)
..\..\User\main.c(316): warning:  #177-D: function "setup_gyro"  was declared but never referenced
  static void setup_gyro(void)
..\..\User\main.c(390): warning:  #177-D: function "run_self_test"  was declared but never referenced
  static inline void run_self_test(void)
..\..\User\main.c: 3 warnings, 0 errors
compiling stm32f4xx_it.c...
compiling bsp_led.c...
compiling bsp_debug_usart.c...
compiling i2c.c...
compiling bsp_SysTick.c...
compiling bsp_mpu_exti.c...
compiling fonts.c...
compiling bsp_relay.c...
compiling bsp_sdram.c...
compiling bsp_lcd.c...
compiling bsp_advance_tim.c...
compiling analysis.c...
compiling bsp_adc.c...
compiling log_stm32.c...
..\..\User\mpu6050\driver\stm32L\log_stm32.c(49): warning:  #940-D: missing return statement at end of non-void function "fputcc" 
  }
..\..\User\mpu6050\driver\stm32L\log_stm32.c: 1 warning, 0 errors
compiling inv_mpu_dmp_motion_driver.c...
compiling inv_mpu.c...
compiling eMPL_outputs.c...
compiling message_layer.c...
compiling hal_outputs.c...
compiling data_builder.c...
compiling mlmath.c...
compiling mpl.c...
compiling ml_math_func.c...
..\..\User\mpu6050\mllite\ml_math_func.c(568): warning:  #1035-D: single-precision operand implicitly converted to double-precision
      if (ang > M_PI)
..\..\User\mpu6050\mllite\ml_math_func.c(588): warning:  #1035-D: single-precision operand implicitly converted to double-precision
      if (d > M_PI)
..\..\User\mpu6050\mllite\ml_math_func.c: 2 warnings, 0 errors
compiling results_holder.c...
compiling start_manager.c...
compiling storage_manager.c...
linking...
Program Size: Code=38096 RO-data=8328 RW-data=164 ZI-data=4204  
FromELF: creating hex file...
"..\..\Output\MPU6050.axf" - 0 Error(s), 6 Warning(s).

<h2>Software Packages used:</h2>

Package Vendor: Keil
                http://www.keil.com/pack/Keil.STM32F4xx_DFP.2.13.0.pack
                Keil.STM32F4xx_DFP.2.13.0
                STMicroelectronics STM32F4 Series Device Support, Drivers and Examples

<h2>Collection of Component include folders:</h2>
  .\RTE\_MPU6050
  D:\Keil_v5\Arm\Packs\Keil\STM32F4xx_DFP\2.13.0\Drivers\CMSIS\Device\ST\STM32F4xx\Include

<h2>Collection of Component Files used:</h2>
Build Time Elapsed:  00:00:29
</pre>
</body>
</html>
